------------------------------------------------------------
Timing Analyzer Summary
------------------------------------------------------------

Type  : Slow 1100mV 85C Model Setup 'main_clk'
Slack : 17.943
TNS   : 0.000

Type  : Slow 1100mV 85C Model Hold 'main_clk'
Slack : 0.301
TNS   : 0.000

Type  : Slow 1100mV 85C Model Minimum Pulse Width 'main_clk'
Slack : 9.261
TNS   : 0.000

Type  : Slow 1100mV 0C Model Setup 'main_clk'
Slack : 17.883
TNS   : 0.000

Type  : Slow 1100mV 0C Model Hold 'main_clk'
Slack : 0.276
TNS   : 0.000

Type  : Slow 1100mV 0C Model Minimum Pulse Width 'main_clk'
Slack : 9.322
TNS   : 0.000

Type  : Fast 1100mV 85C Model Setup 'main_clk'
Slack : 18.852
TNS   : 0.000

Type  : Fast 1100mV 85C Model Hold 'main_clk'
Slack : 0.179
TNS   : 0.000

Type  : Fast 1100mV 85C Model Minimum Pulse Width 'main_clk'
Slack : 9.118
TNS   : 0.000

Type  : Fast 1100mV 0C Model Setup 'main_clk'
Slack : 18.899
TNS   : 0.000

Type  : Fast 1100mV 0C Model Hold 'main_clk'
Slack : 0.166
TNS   : 0.000

Type  : Fast 1100mV 0C Model Minimum Pulse Width 'main_clk'
Slack : 9.075
TNS   : 0.000

------------------------------------------------------------
