
===========================================================================
 report_power
============================================================================
======================= nom_slow_1p08V_125C Corner ===================================

Group                    Internal    Switching      Leakage        Total
                            Power        Power        Power        Power (Watts)
------------------------------------------------------------------------
Sequential           2.799482e-04 4.021322e-05 9.897295e-08 3.202604e-04  44.5%
Combinational        2.152010e-04 1.844547e-04 2.706859e-07 3.999264e-04  55.5%
Clock                0.000000e+00 0.000000e+00 0.000000e+00 0.000000e+00   0.0%
Macro                0.000000e+00 0.000000e+00 0.000000e+00 0.000000e+00   0.0%
Pad                  0.000000e+00 0.000000e+00 0.000000e+00 0.000000e+00   0.0%
------------------------------------------------------------------------
Total                4.951491e-04 2.246678e-04 3.696589e-07 7.201866e-04 100.0%
                            68.8%        31.2%         0.1%

