
===========================================================================
 report_power
============================================================================
======================= nom_slow_1p08V_125C Corner ===================================

Group                    Internal    Switching      Leakage        Total
                            Power        Power        Power        Power (Watts)
------------------------------------------------------------------------
Sequential           2.878753e-04 5.085559e-05 9.897295e-08 3.388299e-04  30.2%
Combinational        3.526110e-04 2.864762e-04 4.389142e-07 6.395261e-04  57.0%
Clock                1.028098e-04 4.150705e-05 1.215932e-07 1.444384e-04  12.9%
Macro                0.000000e+00 0.000000e+00 0.000000e+00 0.000000e+00   0.0%
Pad                  0.000000e+00 0.000000e+00 0.000000e+00 0.000000e+00   0.0%
------------------------------------------------------------------------
Total                7.432956e-04 3.788390e-04 6.594780e-07 1.122794e-03 100.0%
                            66.2%        33.7%         0.1%

