
===========================================================================
 report_power
============================================================================
======================= nom_typ_1p20V_25C Corner ===================================

Group                    Internal    Switching      Leakage        Total
                            Power        Power        Power        Power (Watts)
------------------------------------------------------------------------
Sequential           3.560456e-04 7.940456e-05 2.113792e-08 4.354712e-04  28.4%
Combinational        4.470608e-04 4.582321e-04 9.893716e-08 9.053919e-04  58.9%
Clock                1.317513e-04 6.339159e-05 1.278350e-08 1.951557e-04  12.7%
Macro                0.000000e+00 0.000000e+00 0.000000e+00 0.000000e+00   0.0%
Pad                  0.000000e+00 0.000000e+00 0.000000e+00 0.000000e+00   0.0%
------------------------------------------------------------------------
Total                9.348579e-04 6.010279e-04 1.328586e-07 1.536019e-03 100.0%
                            60.9%        39.1%         0.0%
Writing metric power__internal__total: 0.0009348578751087189
Writing metric power__switching__total: 0.0006010279175825417
Writing metric power__leakage__total: 1.3285863076362148e-7
Writing metric power__total: 0.0015360185643658042

