
===========================================================================
 report_power
============================================================================
======================= nom_fast_1p32V_m40C Corner ===================================

Group                    Internal    Switching      Leakage        Total
                            Power        Power        Power        Power (Watts)
------------------------------------------------------------------------
Sequential           4.418829e-04 6.556029e-05 4.463065e-08 5.074879e-04  43.2%
Combinational        3.503504e-04 3.156833e-04 1.498454e-07 6.661835e-04  56.8%
Clock                0.000000e+00 0.000000e+00 0.000000e+00 0.000000e+00   0.0%
Macro                0.000000e+00 0.000000e+00 0.000000e+00 0.000000e+00   0.0%
Pad                  0.000000e+00 0.000000e+00 0.000000e+00 0.000000e+00   0.0%
------------------------------------------------------------------------
Total                7.922331e-04 3.812436e-04 1.944760e-07 1.173671e-03 100.0%
                            67.5%        32.5%         0.0%

