
===========================================================================
 report_power
============================================================================
======================= nom_typ_1p20V_25C Corner ===================================

Group                    Internal    Switching      Leakage        Total
                            Power        Power        Power        Power (Watts)
------------------------------------------------------------------------
Sequential           3.560483e-04 5.697346e-05 2.113792e-08 4.130429e-04  34.3%
Combinational        2.953788e-04 3.123979e-04 7.311522e-08 6.078498e-04  50.5%
Clock                1.317694e-04 5.026725e-05 1.278350e-08 1.820494e-04  15.1%
Macro                0.000000e+00 0.000000e+00 0.000000e+00 0.000000e+00   0.0%
Pad                  0.000000e+00 0.000000e+00 0.000000e+00 0.000000e+00   0.0%
------------------------------------------------------------------------
Total                7.831963e-04 4.196386e-04 1.070367e-07 1.202942e-03 100.0%
                            65.1%        34.9%         0.0%
Writing metric power__internal__total: 0.0007831963011994958
Writing metric power__switching__total: 0.000419638556195423
Writing metric power__leakage__total: 1.0703666220024388e-7
Writing metric power__total: 0.0012029418721795082

