Clock: clk
Sources: clk 
Generated: no
Virtual: yes
Propagated: no
Period: 10.000000

===========================================================================
report_clock_properties
============================================================================
Clock                   Period          Waveform
----------------------------------------------------
clk                  10.000000    0.000000  5.000000

===========================================================================
report_clock_latency
============================================================================
Clock clk
rise -> rise
    min     max
0.000000 0.000000 source latency
0.204514         network latency _1007_/CLK
        0.220099 network latency _1000_/CLK
---------------
0.204514 0.220099 latency
        0.015584 skew

fall -> fall
    min     max
0.000000 0.000000 source latency
0.201947         network latency _1007_/CLK
        0.217229 network latency _1000_/CLK
---------------
0.201947 0.217229 latency
        0.015282 skew



===========================================================================
report_clock_min_period
============================================================================
clk period_min = 3.06 fmax = 326.80
