Clock: clk
Sources: clk 
Generated: no
Virtual: yes
Propagated: no
Period: 10.000000

===========================================================================
report_clock_properties
============================================================================
Clock                   Period          Waveform
----------------------------------------------------
clk                  10.000000    0.000000  5.000000

===========================================================================
report_clock_latency
============================================================================
Clock clk
rise -> rise
    min     max
0.000000 0.000000 source latency
0.128793         network latency _1008_/CLK
        0.137626 network latency _0998_/CLK
---------------
0.128793 0.137626 latency
        0.008833 skew

fall -> fall
    min     max
0.000000 0.000000 source latency
0.095931         network latency _1008_/CLK
        0.103770 network latency _0998_/CLK
---------------
0.095931 0.103770 latency
        0.007839 skew



===========================================================================
report_clock_min_period
============================================================================
clk period_min = 2.65 fmax = 376.72
