Clock: clk
Sources: clk 
Generated: no
Virtual: yes
Propagated: no
Period: 10.000000

===========================================================================
report_clock_properties
============================================================================
Clock                   Period          Waveform
----------------------------------------------------
clk                  10.000000    0.000000  5.000000

===========================================================================
report_clock_latency
============================================================================
Clock clk
rise -> rise
    min     max
0.000000 0.000000 source latency
0.139128         network latency _1007_/CLK
        0.155698 network latency _1000_/CLK
---------------
0.139128 0.155698 latency
        0.016570 skew

fall -> fall
    min     max
0.000000 0.000000 source latency
0.137698         network latency _1007_/CLK
        0.154100 network latency _1000_/CLK
---------------
0.137698 0.154100 latency
        0.016402 skew



===========================================================================
report_clock_min_period
============================================================================
clk period_min = 2.11 fmax = 474.87
