
===========================================================================
 report_power
============================================================================
======================= nom_fast_1p32V_m40C Corner ===================================

Group                    Internal    Switching      Leakage        Total
                            Power        Power        Power        Power (Watts)
------------------------------------------------------------------------
Sequential           4.348244e-04 8.201948e-05 4.463065e-08 5.168885e-04  28.8%
Combinational        5.660081e-04 4.708730e-04 2.303018e-07 1.037111e-03  57.9%
Clock                1.691704e-04 6.867692e-05 9.081488e-07 2.387554e-04  13.3%
Macro                0.000000e+00 0.000000e+00 0.000000e+00 0.000000e+00   0.0%
Pad                  0.000000e+00 0.000000e+00 0.000000e+00 0.000000e+00   0.0%
------------------------------------------------------------------------
Total                1.170003e-03 6.215692e-04 1.183079e-06 1.792755e-03 100.0%
                            65.3%        34.7%         0.1%

